// Jest Snapshot v1, https://goo.gl/fbAQLP

exports[`AddOrderForm renders correctly 1`] = `
<div>
  Loading
</div>
`;
